// Jest Snapshot v1, https://goo.gl/fbAQLP

exports[`given that its __DEV__ mode and barricade is undefined, should match snapshot 1`] = `
<Modal
  hardwareAccelerated={false}
  onRequestClose={[Function]}
  visible={false}
/>
`;
